// Jest Snapshot v1, https://goo.gl/fbAQLP

exports[`matches snapshot 1`] = `
<div
  className="mainInfo"
>
  <ul
    className="infoContainer"
  >
    <p>
      No Character is found!!
    </p>
  </ul>
</div>
`;
