// Jest Snapshot v1, https://goo.gl/fbAQLP

exports[`Navigation component test Testing Navigation rendering 1`] = `null`;
